plain keycode 16 = a
plain keycode 17 = z
plain keycode 18 = e
plain keycode 19 = r
plain keycode 20 = t
plain keycode 21 = y
plain keycode 22 = u
plain keycode 23 = i
plain keycode 24 = o
plain keycode 25 = p
plain keycode 30 = q
plain keycode 31 = s
plain keycode 32 = d
plain keycode 33 = f
plain keycode 34 = g
plain keycode 35 = h
plain keycode 36 = j
plain keycode 37 = k
plain keycode 38 = l
plain keycode 39 = m
plain keycode 44 = w
plain keycode 45 = x
plain keycode 46 = c
plain keycode 47 = v
plain keycode 48 = b
plain keycode 49 = n
plain keycode 59 = F1
plain keycode 60 = F2
plain keycode 61 = F3
plain keycode 62 = F4
plain keycode 63 = F5
plain keycode 64 = F6
plain keycode 65 = F7
plain keycode 66 = F8
plain keycode 67 = F9
plain keycode 68 = F10
plain keycode 87 = F11
plain keycode 88 = F12
plain keycode 69 = Num_Lock
plain keycode 98 = KP_Divide
plain keycode 55 = KP_Multiply
plain keycode 74 = KP_Subtract
plain keycode 78 = KP_Add
plain keycode 96 = KP_Enter
plain keycode 71 = KP_7
plain keycode 72 = KP_8
plain keycode 73 = KP_9
plain keycode 75 = KP_4
plain keycode 76 = KP_5
plain keycode 77 = KP_6
plain keycode 79 = KP_1
plain keycode 80 = KP_2
plain keycode 81 = KP_3
plain keycode 82 = KP_0
plain keycode 83 = KP_Period
plain keycode 103 = Up
plain keycode 105 = Left
plain keycode 106 = Right
plain keycode 108 = Down
plain keycode 110 = Insert
plain keycode 102 = Find
plain keycode 104 = Prior
plain keycode 111 = Remove
plain keycode 107 = Select
plain keycode 109 = Next
plain keycode 84 = Last_Console
plain keycode 99 = Compose
plain keycode 101 = Break
plain keycode 119 = Pause
plain keycode 100 = AltGr
plain keycode 70 = Scroll_Lock
plain keycode 1 = Escape
plain keycode 2 = ampersand
plain keycode 3 = eacute
plain keycode 4 = quotedbl
plain keycode 5 = apostrophe
plain keycode 6 = parenleft
plain keycode 7 = minus
plain keycode 8 = egrave
plain keycode 9 = underscore
plain keycode 10 = ccedilla
plain keycode 11 = agrave
plain keycode 12 = parenright
plain keycode 13 = equal
plain keycode 14 = Delete
plain keycode 15 = Tab
plain keycode 26 = dead_circumflex
plain keycode 27 = dollar
plain keycode 28 = Return
plain keycode 29 = Control
plain keycode 40 = ugrave
plain keycode 41 = twosuperior
plain keycode 42 = Shift
plain keycode 43 = asterisk
plain keycode 50 = comma
plain keycode 51 = semicolon
plain keycode 52 = colon
plain keycode 53 = exclam
plain keycode 54 = Shift
plain keycode 56 = Alt
plain keycode 57 = space
plain keycode 58 = Caps_Lock
plain keycode 86 = less
plain keycode 97 = Control
shift keycode 59 = F13
shift keycode 60 = F14
shift keycode 61 = F15
shift keycode 62 = F16
shift keycode 63 = F17
shift keycode 64 = F18
shift keycode 65 = F19
shift keycode 66 = F20
shift keycode 67 = F21
shift keycode 68 = F22
shift keycode 87 = F23
shift keycode 88 = F24
shift keycode 104 = Scroll_Backward
shift keycode 109 = Scroll_Forward
shift keycode 70 = Show_Memory
shift keycode 1 = Escape
shift keycode 2 = one
shift keycode 3 = two
shift keycode 4 = three
shift keycode 5 = four
shift keycode 6 = five
shift keycode 7 = six
shift keycode 8 = seven
shift keycode 9 = eight
shift keycode 10 = nine
shift keycode 11 = zero
shift keycode 12 = degree
shift keycode 13 = plus
shift keycode 14 = Delete
shift keycode 26 = dead_diaeresis
shift keycode 27 = sterling
shift keycode 40 = percent
shift keycode 43 = mu
shift keycode 50 = question
shift keycode 51 = period
shift keycode 52 = slash
shift keycode 53 = section
shift keycode 57 = space
shift keycode 86 = greater
control keycode 59 = F25
control keycode 60 = F26
control keycode 61 = F27
control keycode 62 = F28
control keycode 63 = F29
control keycode 64 = F30
control keycode 65 = F31
control keycode 66 = F32
control keycode 67 = F33
control keycode 68 = F34
control keycode 87 = F35
control keycode 88 = F36
control keycode 99 = Control_backslash
control keycode 70 = Show_State
alt keycode 59 = Console_1
alt keycode 60 = Console_2
alt keycode 61 = Console_3
alt keycode 62 = Console_4
alt keycode 63 = Console_5
alt keycode 64 = Console_6
alt keycode 65 = Console_7
alt keycode 66 = Console_8
alt keycode 67 = Console_9
alt keycode 68 = Console_10
alt keycode 87 = Console_11
alt keycode 88 = Console_12
alt keycode 71 = Ascii_7
alt keycode 72 = Ascii_8
alt keycode 73 = Ascii_9
alt keycode 75 = Ascii_4
alt keycode 76 = Ascii_5
alt keycode 77 = Ascii_6
alt keycode 79 = Ascii_1
alt keycode 80 = Ascii_2
alt keycode 81 = Ascii_3
alt keycode 82 = Ascii_0
alt keycode 103 = KeyboardSignal
alt keycode 105 = Decr_Console
alt keycode 106 = Incr_Console
alt keycode 99 = Control_backslash
alt keycode 70 = Show_Registers
alt keycode 100 = Compose
alt keycode 70 = Scroll_Lock
altgr keycode 55 = Hex_C
altgr keycode 69 = Hex_A
altgr keycode 71 = Hex_7
altgr keycode 72 = Hex_8
altgr keycode 73 = Hex_9
altgr keycode 74 = Hex_D
altgr keycode 75 = Hex_4
altgr keycode 76 = Hex_5
altgr keycode 77 = Hex_6
altgr keycode 78 = Hex_E
altgr keycode 79 = Hex_1
altgr keycode 80 = Hex_2
altgr keycode 81 = Hex_3
altgr keycode 82 = Hex_0
altgr keycode 96 = Hex_F
altgr keycode 98 = Hex_B
altgr keycode 70 = Show_Registers
altgr keycode 3 = dead_tilde
altgr keycode 4 = numbersign
altgr keycode 5 = braceleft
altgr keycode 6 = bracketleft
altgr keycode 7 = bar
altgr keycode 8 = dead_grave
altgr keycode 9 = backslash
altgr keycode 10 = dead_circumflex
altgr keycode 11 = at
altgr keycode 12 = bracketright
altgr keycode 13 = braceright
altgr keycode 27 = currency
altgr keycode 86 = bar